[ERROR] Could not create local repository at some location

